DOMAIN-SUFFIX,auphonic.com
DOMAIN-SUFFIX,krisp.ai
DOMAIN-SUFFIX,podcastle.ai
DOMAIN-SUFFIX,poiskpravdy.com
DOMAIN-SUFFIX,techsmith.com
DOMAIN-SUFFIX,media.io
DOMAIN-SUFFIX,descript.com
DOMAIN-KEYWORD,blablacar
DOMAIN-SUFFIX,revolut.com
DOMAIN-SUFFIX,duolingo.com
DOMAIN-SUFFIX,rustdesk.com
DOMAIN-SUFFIX,anydesk.com
DOMAIN-SUFFIX,flypgs.com
DOMAIN-SUFFIX,githubusercontent.com
DOMAIN-SUFFIX,rutracker.org
DOMAIN-KEYWORD,github
DOMAIN-SUFFIX,roblox.com
DOMAIN-SUFFIX,rbx.com
DOMAIN-SUFFIX,rblx.com
DOMAIN-SUFFIX,robloxcdn.com
DOMAIN-SUFFIX,rbxcdn.com
DOMAIN-SUFFIX,rbxgame.com
DOMAIN-SUFFIX,robloxmedia.com
DOMAIN-SUFFIX,robloxapi.com
DOMAIN-SUFFIX,robloxengine.com
DOMAIN-SUFFIX,rbxinfra.com
DOMAIN-SUFFIX,rbxinfra.net
DOMAIN-SUFFIX,rbxvault.net
DOMAIN-SUFFIX,rbxtrk.com
DOMAIN-SUFFIX,robloxrcs.com
DOMAIN-SUFFIX,robloxdev.com
DOMAIN-SUFFIX,robloxlabs.com
DOMAIN-SUFFIX,facetime.apple.com
DST-PORT,3478
DST-PORT,3479
DST-PORT,3480
DST-PORT,3481
DST-PORT,3482
DST-PORT,3483
DST-PORT,3484
DST-PORT,3485
DST-PORT,3486
DST-PORT,3487
DST-PORT,3488
DST-PORT,3489
DST-PORT,3490
DST-PORT,3491
DST-PORT,3492
DST-PORT,3493
DST-PORT,3494
DST-PORT,3495
DST-PORT,3496
DST-PORT,3497
DST-PORT,5223
DST-PORT,16384
DST-PORT,16385
DST-PORT,16386
DST-PORT,16387
DST-PORT,16388
DST-PORT,16389
DST-PORT,16390
DST-PORT,16391
DST-PORT,16392
DST-PORT,16393
DST-PORT,16394
DST-PORT,16395
DST-PORT,16396
DST-PORT,16397
DST-PORT,16398
DST-PORT,16399
DST-PORT,16400
DST-PORT,16401
DST-PORT,16402
