DOMAIN-SUFFIX,2ip.ru
DOMAIN-SUFFIX,forabank.ru
DOMAIN-SUFFIX,ozon.ru
DOMAIN-SUFFIX,ozonusercontent.com
DOMAIN-SUFFIX,ozon-st.cdn.ngenix.net
DOMAIN-SUFFIX,ozon-api.com
DOMAIN-SUFFIX,yastatic.net
DOMAIN-SUFFIX,yandexcloud.net
DOMAIN-SUFFIX,ya.ru
DOMAIN-KEYWORD,aviasales  
DOMAIN-SUFFIX,magnit.ru
DOMAIN-SUFFIX,dixy.ru
DOMAIN-SUFFIX,winelab.ru
DOMAIN-KEYWORD,yandex
DOMAIN-SUFFIX,cdek.ru
DOMAIN-SUFFIX,cdekapi.ru
DOMAIN-KEYWORD,2gis
DOMAIN-SUFFIX,max.ru
DOMAIN-SUFFIX,oneme.ru
DOMAIN-SUFFIX,oneme.io
DOMAIN-SUFFIX,vk.com
DOMAIN-SUFFIX,vkuser.net
DOMAIN-SUFFIX,vkcdn.net
DOMAIN-SUFFIX,mycdn.me
DOMAIN-KEYWORD,ivi
DOMAIN-SUFFIX,okko.tv
DOMAIN-SUFFIX,okko.ru
DOMAIN-SUFFIX,kinopoisk.ru
DOMAIN-SUFFIX,kion.ru
DOMAIN-SUFFIX,kioncdn.net
DOMAIN-SUFFIX,sky4data.com
DOMAIN-SUFFIX,globalsign.com
DOMAIN-SUFFIX,yookassa.ru
DOMAIN-SUFFIX,cloudpayments.ru
DOMAIN-SUFFIX,securepayments.ru
DOMAIN-SUFFIX,payments.ru
DOMAIN-SUFFIX,3ds2.yookassa.ru
DOMAIN-SUFFIX,mos.ru
DOMAIN-SUFFIX,mosgortrans.ru
DOMAIN-SUFFIX,appmetrica.yandex.net
DOMAIN-SUFFIX,fabrika-fotoknigi.com
DOMAIN-SUFFIX,ecowitt.net
DOMAIN-SUFFIX,ambientweather.net
DOMAIN-KEYWORD,xiaomi
DOMAIN-SUFFIX,mi.com
DOMAIN-SUFFIX,samsung.com
DOMAIN-SUFFIX,samsungcloud.com
DOMAIN-SUFFIX,samsungcloudsolution.com
DOMAIN-SUFFIX,samsungads.com
DOMAIN-SUFFIX,samsungqbe.com
DOMAIN-SUFFIX,samsungotf.com
DOMAIN-SUFFIX,samsungdm.com
DOMAIN-SUFFIX,samsungcloudsolution.net
DOMAIN-SUFFIX,samsung.net
DOMAIN-SUFFIX,samsungknox.com
DOMAIN-SUFFIX,samsungosp.com
DOMAIN-SUFFIX,smartthings.com
DOMAIN-SUFFIX,tizen.org
DOMAIN-KEYWORD,bitrix24
DOMAIN-SUFFIX,bitrix24disk.ru
DOMAIN-SUFFIX,bitrixsetup.ru
DOMAIN-SUFFIX,bitrix.info
DOMAIN-SUFFIX,twitch.tv
DOMAIN-SUFFIX,twitchsvc.net
DOMAIN-SUFFIX,sportradar.com
DOMAIN-SUFFIX,statscore.com
DOMAIN-SUFFIX,lmt.bet
DOMAIN-SUFFIX,pari.ru
DOMAIN-SUFFIX,apd-pcdnwxlogin.teg.tencent-cloud.net
DOMAIN-SUFFIX,btrace.qq.com
DOMAIN-SUFFIX,dldir1.qq.com
DOMAIN-SUFFIX,slife.xy-asia.com
DOMAIN-SUFFIX,soup.v.qq.com
DOMAIN-SUFFIX,vweixinf.tc.qq.com
DOMAIN-SUFFIX,weixin110.qq.com
DOMAIN-SUFFIX,wup.imtt.qq.com
DOMAIN-SUFFIX,iot-tencent.com
DOMAIN-SUFFIX,lbs.gtimg.com
DOMAIN-SUFFIX,map.qq.com
DOMAIN-SUFFIX,qlogo.cn
DOMAIN-SUFFIX,qpic.cn
DOMAIN-SUFFIX,servicewechat.com
DOMAIN-SUFFIX,tenpay.com
DOMAIN-SUFFIX,up-hl.3g.qq.com
DOMAIN-SUFFIX,vweixinthumb.tc.qq.com
DOMAIN-SUFFIX,wechat.com
DOMAIN-SUFFIX,wechatlegal.net
DOMAIN-SUFFIX,wechatos.net
DOMAIN-SUFFIX,wechatpay.com
DOMAIN-SUFFIX,weixin.com
DOMAIN-SUFFIX,weixin.qq.com
DOMAIN-SUFFIX,weixinbridge.com
DOMAIN-SUFFIX,weixinsxy.com
DOMAIN-SUFFIX,wx.gtimg.com
DOMAIN-SUFFIX,wx.qq.com
DOMAIN-SUFFIX,wxapp.tc.qq.com
DOMAIN-SUFFIX,wxs.qq.com
DOMAIN-SUFFIX,yun-hl.3g.qq.com
DOMAIN-SUFFIX,matrixhome.net
DOMAIN-SUFFIX,ufcfightpass.com
DOMAIN-SUFFIX,imggaming.com
DOMAIN-SUFFIX,ufc.com
